This is pdfTeX, Version 3.141592653-2.6-1.40.27 (TeX Live 2025/nixos.org) (preloaded format=pdflatex 1980.1.1)  29 MAY 2026 14:36
entering extended mode
 restricted \write18 enabled.
 %&-line parsing enabled.
**bericht.tex
(./bericht.tex
LaTeX2e <2025-11-01>
L3 programming layer <2026-01-19>

(/nix/store/krn4g4w0jp8mipj8rvw07cs2gnjn96ng-texlive-combined-full-2025-final-t
exmfdist/tex/latex/koma-script/scrartcl.cls
Document Class: scrartcl 2026/02/02 v3.49.2 KOMA-Script document class (article
)

(/nix/store/krn4g4w0jp8mipj8rvw07cs2gnjn96ng-texlive-combined-full-2025-final-t
exmfdist/tex/latex/koma-script/scrkbase.sty
Package: scrkbase 2026/02/02 v3.49.2 KOMA-Script package (KOMA-Script-dependent
 basics and keyval usage)

(/nix/store/krn4g4w0jp8mipj8rvw07cs2gnjn96ng-texlive-combined-full-2025-final-t
exmfdist/tex/latex/koma-script/scrbase.sty
Package: scrbase 2026/02/02 v3.49.2 KOMA-Script package (KOMA-Script-independen
t basics and keyval usage)

(/nix/store/krn4g4w0jp8mipj8rvw07cs2gnjn96ng-texlive-combined-full-2025-final-t
exmfdist/tex/latex/koma-script/scrlfile.sty
Package: scrlfile 2026/02/02 v3.49.2 KOMA-Script package (file load hooks)

(/nix/store/krn4g4w0jp8mipj8rvw07cs2gnjn96ng-texlive-combined-full-2025-final-t
exmfdist/tex/latex/koma-script/scrlfile-hook.sty
Package: scrlfile-hook 2026/02/02 v3.49.2 KOMA-Script package (using LaTeX hook
s)

(/nix/store/krn4g4w0jp8mipj8rvw07cs2gnjn96ng-texlive-combined-full-2025-final-t
exmfdist/tex/latex/koma-script/scrlogo.sty
Package: scrlogo 2026/02/02 v3.49.2 KOMA-Script package (logo)
)))
(/nix/store/krn4g4w0jp8mipj8rvw07cs2gnjn96ng-texlive-combined-full-2025-final-t
exmfdist/tex/latex/graphics/keyval.sty
Package: keyval 2022/05/29 v1.15 key=value parser (DPC)
\KV@toks@=\toks17
)
Applying: [2021/05/01] Usage of raw or classic option list on input line 254.
Already applied: [0000/00/00] Usage of raw or classic option list on input line
 370.
))
(/nix/store/krn4g4w0jp8mipj8rvw07cs2gnjn96ng-texlive-combined-full-2025-final-t
exmfdist/tex/latex/koma-script/tocbasic.sty
Package: tocbasic 2026/02/02 v3.49.2 KOMA-Script package (handling toc-files)
\scr@dte@tocline@numberwidth=\skip49
\scr@dte@tocline@numbox=\box53
)
Package tocbasic Info: omitting babel extension for `toc'
(tocbasic)             because of feature `nobabel' available
(tocbasic)             for `toc' on input line 141.
Package scrartcl Info: You've used standard option `12pt'.
(scrartcl)             This is correct!
(scrartcl)             Internally I'm using `fontsize=12pt'.
(scrartcl)             If you'd like to set the option with \KOMAoptions,
(scrartcl)             you'd have to use `fontsize=12pt' there
(scrartcl)             instead of `12pt', too.
Class scrartcl Info: File `scrsize12pt.clo' used to setup font sizes on input l
ine 2489.

(/nix/store/krn4g4w0jp8mipj8rvw07cs2gnjn96ng-texlive-combined-full-2025-final-t
exmfdist/tex/latex/koma-script/scrsize12pt.clo
File: scrsize12pt.clo 2026/02/02 v3.49.2 KOMA-Script font size class option (12
pt)
)
(/nix/store/krn4g4w0jp8mipj8rvw07cs2gnjn96ng-texlive-combined-full-2025-final-t
exmfdist/tex/latex/koma-script/typearea.sty
Package: typearea 2026/02/02 v3.49.2 KOMA-Script package (type area)
\ta@bcor=\skip50
\ta@div=\count275
Package typearea Info: You've used standard option `a4paper'.
(typearea)             This is correct!
(typearea)             Internally I'm using `paper=a4'.
(typearea)             If you'd like to set the option with \KOMAoptions,
(typearea)             you'd have to use `paper=a4' there
(typearea)             instead of `a4paper', too.
\ta@hblk=\skip51
\ta@vblk=\skip52
\ta@temp=\skip53
\footheight=\skip54
Package typearea Info: These are the values describing the layout:
(typearea)             DIV  = 12
(typearea)             BCOR = 0.0pt
(typearea)             \paperwidth      = 597.50793pt
(typearea)              \textwidth      = 448.13095pt
(typearea)              DIV departure   = -6%
(typearea)              \evensidemargin = 2.4185pt
(typearea)              \oddsidemargin  = 2.4185pt
(typearea)             \paperheight     = 845.04694pt
(typearea)              \textheight     = 635.5pt
(typearea)              \topmargin      = -41.72441pt
(typearea)              \headheight     = 18.125pt
(typearea)              \headsep        = 21.75pt
(typearea)              \topskip        = 12.0pt
(typearea)              \footskip       = 50.75pt
(typearea)              \baselineskip   = 14.5pt
(typearea)              on input line 1810.
)
\c@part=\count276
\c@section=\count277
\c@subsection=\count278
\c@subsubsection=\count279
\c@paragraph=\count280
\c@subparagraph=\count281
\scr@dte@section@maxnumwidth=\skip55
Class scrartcl Info: using compatibility default `runin=bysign'
(scrartcl)           for `\section on input line 5015.
Class scrartcl Info: using compatibility default `afterindent=bysign'
(scrartcl)           for `\section on input line 5015.
\scr@dte@part@maxnumwidth=\skip56
Class scrartcl Info: using compatibility default `afterindent=false'
(scrartcl)           for `\part on input line 5023.
\scr@dte@subsection@maxnumwidth=\skip57
Class scrartcl Info: using compatibility default `runin=bysign'
(scrartcl)           for `\subsection on input line 5033.
Class scrartcl Info: using compatibility default `afterindent=bysign'
(scrartcl)           for `\subsection on input line 5033.
\scr@dte@subsubsection@maxnumwidth=\skip58
Class scrartcl Info: using compatibility default `runin=bysign'
(scrartcl)           for `\subsubsection on input line 5043.
Class scrartcl Info: using compatibility default `afterindent=bysign'
(scrartcl)           for `\subsubsection on input line 5043.
\scr@dte@paragraph@maxnumwidth=\skip59
Class scrartcl Info: using compatibility default `runin=bysign'
(scrartcl)           for `\paragraph on input line 5054.
Class scrartcl Info: using compatibility default `afterindent=bysign'
(scrartcl)           for `\paragraph on input line 5054.
\scr@dte@subparagraph@maxnumwidth=\skip60
Class scrartcl Info: using compatibility default `runin=bysign'
(scrartcl)           for `\subparagraph on input line 5064.
Class scrartcl Info: using compatibility default `afterindent=bysign'
(scrartcl)           for `\subparagraph on input line 5064.
\abovecaptionskip=\skip61
\belowcaptionskip=\skip62
\c@pti@nb@sid@b@x=\box54
Package tocbasic Info: omitting babel extension for `lof'
(tocbasic)             because of feature `nobabel' available
(tocbasic)             for `lof' on input line 6287.
\scr@dte@figure@maxnumwidth=\skip63
\c@figure=\count282
Package tocbasic Info: omitting babel extension for `lot'
(tocbasic)             because of feature `nobabel' available
(tocbasic)             for `lot' on input line 6299.
\scr@dte@table@maxnumwidth=\skip64
\c@table=\count283
Class scrartcl Info: Redefining `\numberline' on input line 6469.
\bibindent=\dimen148
)
(/nix/store/krn4g4w0jp8mipj8rvw07cs2gnjn96ng-texlive-combined-full-2025-final-t
exmfdist/tex/latex/base/inputenc.sty
Package: inputenc 2024/02/08 v1.3d Input encoding file
\inpenc@prehook=\toks18
\inpenc@posthook=\toks19
)
(/nix/store/krn4g4w0jp8mipj8rvw07cs2gnjn96ng-texlive-combined-full-2025-final-t
exmfdist/tex/latex/base/fontenc.sty
Package: fontenc 2025/07/18 v2.1d Standard LaTeX package
)
(/nix/store/krn4g4w0jp8mipj8rvw07cs2gnjn96ng-texlive-combined-full-2025-final-t
exmfdist/tex/generic/babel/babel.sty
Package: babel 2026/02/14 v26.3 The multilingual framework for LuaLaTeX, pdfLaT
eX and XeLaTeX
\babel@savecnt=\count284
LaTeX Encoding Info:    Redeclaring text command \ij (encoding OT1) on input li
ne 2078.
LaTeX Encoding Info:    Redeclaring text command \IJ (encoding OT1) on input li
ne 2080.
LaTeX Encoding Info:    Redeclaring text command \ij (encoding T1) on input lin
e 2082.
LaTeX Encoding Info:    Redeclaring text command \IJ (encoding T1) on input lin
e 2083.
LaTeX Encoding Info:    Ignoring declaration for text command \ij (encoding ?) 
on input line 2084.
LaTeX Encoding Info:    Ignoring declaration for text command \IJ (encoding ?) 
on input line 2086.
LaTeX Encoding Info:    Ignoring declaration for text command \SS (encoding ?) 
on input line 2111.
\U@D=\dimen149
\l@unhyphenated=\language90

(/nix/store/krn4g4w0jp8mipj8rvw07cs2gnjn96ng-texlive-combined-full-2025-final-t
exmfdist/tex/generic/babel/txtbabel.def)
\bbl@readstream=\read2
\bbl@dirlevel=\count285

(/nix/store/krn4g4w0jp8mipj8rvw07cs2gnjn96ng-texlive-combined-full-2025-final-t
exmfdist/tex/generic/babel/locale/invalid/babel-ngerman.tex)
Package babel Info: Importing font and identification data for ngerman
(babel)             from babel-de.ini. Reported on input line 4330.

(/nix/store/krn4g4w0jp8mipj8rvw07cs2gnjn96ng-texlive-combined-full-2025-final-t
exmfdist/tex/generic/babel-german/ngerman.ldf
Language: ngerman 

(/nix/store/krn4g4w0jp8mipj8rvw07cs2gnjn96ng-texlive-combined-full-2025-final-t
exmfdist/tex/generic/babel-german/babel-german.def
Package babel Info: Making " an active character on input line 470.
)))
(/nix/store/krn4g4w0jp8mipj8rvw07cs2gnjn96ng-texlive-combined-full-2025-final-t
exmfdist/tex/latex/graphics/graphicx.sty
Package: graphicx 2024/12/31 v1.2e Enhanced LaTeX Graphics (DPC,SPQR)

(/nix/store/krn4g4w0jp8mipj8rvw07cs2gnjn96ng-texlive-combined-full-2025-final-t
exmfdist/tex/latex/graphics/graphics.sty
Package: graphics 2024/08/06 v1.4g Standard LaTeX Graphics (DPC,SPQR)

(/nix/store/krn4g4w0jp8mipj8rvw07cs2gnjn96ng-texlive-combined-full-2025-final-t
exmfdist/tex/latex/graphics/trig.sty
Package: trig 2023/12/02 v1.11 sin cos tan (DPC)
)
(/nix/store/krn4g4w0jp8mipj8rvw07cs2gnjn96ng-texlive-combined-full-2025-final-t
exmfdist/tex/latex/graphics-cfg/graphics.cfg
File: graphics.cfg 2016/06/04 v1.11 sample graphics configuration
)
Package graphics Info: Driver file: pdftex.def on input line 106.

(/nix/store/krn4g4w0jp8mipj8rvw07cs2gnjn96ng-texlive-combined-full-2025-final-t
exmfdist/tex/latex/graphics-def/pdftex.def
File: pdftex.def 2025/09/29 v1.2d Graphics/color driver for pdftex
))
\Gin@req@height=\dimen150
\Gin@req@width=\dimen151
)
(/nix/store/krn4g4w0jp8mipj8rvw07cs2gnjn96ng-texlive-combined-full-2025-final-t
exmfdist/tex/latex/geometry/geometry.sty
Package: geometry 2020/01/02 v5.9 Page Geometry

(/nix/store/krn4g4w0jp8mipj8rvw07cs2gnjn96ng-texlive-combined-full-2025-final-t
exmfdist/tex/generic/iftex/ifvtex.sty
Package: ifvtex 2019/10/25 v1.7 ifvtex legacy package. Use iftex instead.

(/nix/store/krn4g4w0jp8mipj8rvw07cs2gnjn96ng-texlive-combined-full-2025-final-t
exmfdist/tex/generic/iftex/iftex.sty
Package: iftex 2024/12/12 v1.0g TeX engine tests
))
\Gm@cnth=\count286
\Gm@cntv=\count287
\c@Gm@tempcnt=\count288
\Gm@bindingoffset=\dimen152
\Gm@wd@mp=\dimen153
\Gm@odd@mp=\dimen154
\Gm@even@mp=\dimen155
\Gm@layoutwidth=\dimen156
\Gm@layoutheight=\dimen157
\Gm@layouthoffset=\dimen158
\Gm@layoutvoffset=\dimen159
\Gm@dimlist=\toks20
)
(/nix/store/krn4g4w0jp8mipj8rvw07cs2gnjn96ng-texlive-combined-full-2025-final-t
exmfdist/tex/latex/xcolor/xcolor.sty
Package: xcolor 2024/09/29 v3.02 LaTeX color extensions (UK)

(/nix/store/krn4g4w0jp8mipj8rvw07cs2gnjn96ng-texlive-combined-full-2025-final-t
exmfdist/tex/latex/graphics-cfg/color.cfg
File: color.cfg 2016/01/02 v1.6 sample color configuration
)
Package xcolor Info: Driver file: pdftex.def on input line 274.

(/nix/store/krn4g4w0jp8mipj8rvw07cs2gnjn96ng-texlive-combined-full-2025-final-t
exmfdist/tex/latex/graphics/mathcolor.ltx)
Package xcolor Info: Model `cmy' substituted by `cmy0' on input line 1349.
Package xcolor Info: Model `hsb' substituted by `rgb' on input line 1353.
Package xcolor Info: Model `RGB' extended on input line 1365.
Package xcolor Info: Model `HTML' substituted by `rgb' on input line 1367.
Package xcolor Info: Model `Hsb' substituted by `hsb' on input line 1368.
Package xcolor Info: Model `tHsb' substituted by `hsb' on input line 1369.
Package xcolor Info: Model `HSB' substituted by `hsb' on input line 1370.
Package xcolor Info: Model `Gray' substituted by `gray' on input line 1371.
Package xcolor Info: Model `wave' substituted by `hsb' on input line 1372.
)
(/nix/store/krn4g4w0jp8mipj8rvw07cs2gnjn96ng-texlive-combined-full-2025-final-t
exmfdist/tex/latex/psnfss/helvet.sty
Package: helvet 2020/03/25 PSNFSS-v9.3 (WaS) 
)
(/nix/store/krn4g4w0jp8mipj8rvw07cs2gnjn96ng-texlive-combined-full-2025-final-t
exmfdist/tex/latex/enumitem/enumitem.sty
Package: enumitem 2025/02/06 v3.11 Customized lists
\labelindent=\skip65
\enit@outerparindent=\dimen160
\enit@toks=\toks21
\enit@inbox=\box55
\enit@count@id=\count289
\enitdp@description=\count290
)
(/nix/store/krn4g4w0jp8mipj8rvw07cs2gnjn96ng-texlive-combined-full-2025-final-t
exmfdist/tex/latex/url/url.sty
\Urlmuskip=\muskip17
Package: url 2013/09/16  ver 3.4  Verb mode for urls, etc.
)
(/nix/store/krn4g4w0jp8mipj8rvw07cs2gnjn96ng-texlive-combined-full-2025-final-t
exmfdist/tex/latex/cite/cite.sty
LaTeX Info: Redefining \cite on input line 302.
LaTeX Info: Redefining \nocite on input line 332.
Package: cite 2015/02/27  v 5.5
)
(/nix/store/krn4g4w0jp8mipj8rvw07cs2gnjn96ng-texlive-combined-full-2025-final-t
exmfdist/tex/latex/setspace/setspace.sty
Package: setspace 2022/12/04 v6.7b set line spacing
)
(/nix/store/krn4g4w0jp8mipj8rvw07cs2gnjn96ng-texlive-combined-full-2025-final-t
exmfdist/tex/latex/hyperref/hyperref.sty
Package: hyperref 2026-01-29 v7.01p Hypertext links for LaTeX

(/nix/store/krn4g4w0jp8mipj8rvw07cs2gnjn96ng-texlive-combined-full-2025-final-t
exmfdist/tex/latex/kvsetkeys/kvsetkeys.sty
Package: kvsetkeys 2022-10-05 v1.19 Key value parser (HO)
)
(/nix/store/krn4g4w0jp8mipj8rvw07cs2gnjn96ng-texlive-combined-full-2025-final-t
exmfdist/tex/generic/kvdefinekeys/kvdefinekeys.sty
Package: kvdefinekeys 2019-12-19 v1.6 Define keys (HO)
)
(/nix/store/krn4g4w0jp8mipj8rvw07cs2gnjn96ng-texlive-combined-full-2025-final-t
exmfdist/tex/generic/pdfescape/pdfescape.sty
Package: pdfescape 2019/12/09 v1.15 Implements pdfTeX's escape features (HO)

(/nix/store/krn4g4w0jp8mipj8rvw07cs2gnjn96ng-texlive-combined-full-2025-final-t
exmfdist/tex/generic/ltxcmds/ltxcmds.sty
Package: ltxcmds 2023-12-04 v1.26 LaTeX kernel commands for general use (HO)
)
(/nix/store/krn4g4w0jp8mipj8rvw07cs2gnjn96ng-texlive-combined-full-2025-final-t
exmfdist/tex/generic/pdftexcmds/pdftexcmds.sty
Package: pdftexcmds 2020-06-27 v0.33 Utility functions of pdfTeX for LuaTeX (HO
)

(/nix/store/krn4g4w0jp8mipj8rvw07cs2gnjn96ng-texlive-combined-full-2025-final-t
exmfdist/tex/generic/infwarerr/infwarerr.sty
Package: infwarerr 2019/12/03 v1.5 Providing info/warning/error messages (HO)
)
Package pdftexcmds Info: \pdf@primitive is available.
Package pdftexcmds Info: \pdf@ifprimitive is available.
Package pdftexcmds Info: \pdfdraftmode found.
))
(/nix/store/krn4g4w0jp8mipj8rvw07cs2gnjn96ng-texlive-combined-full-2025-final-t
exmfdist/tex/latex/hycolor/hycolor.sty
Package: hycolor 2020-01-27 v1.10 Color options for hyperref/bookmark (HO)
)
(/nix/store/krn4g4w0jp8mipj8rvw07cs2gnjn96ng-texlive-combined-full-2025-final-t
exmfdist/tex/latex/hyperref/nameref.sty
Package: nameref 2026-01-29 v2.58 Cross-referencing by name of section

(/nix/store/krn4g4w0jp8mipj8rvw07cs2gnjn96ng-texlive-combined-full-2025-final-t
exmfdist/tex/latex/refcount/refcount.sty
Package: refcount 2019/12/15 v3.6 Data extraction from label references (HO)
)
(/nix/store/krn4g4w0jp8mipj8rvw07cs2gnjn96ng-texlive-combined-full-2025-final-t
exmfdist/tex/generic/gettitlestring/gettitlestring.sty
Package: gettitlestring 2019/12/15 v1.6 Cleanup title references (HO)

(/nix/store/krn4g4w0jp8mipj8rvw07cs2gnjn96ng-texlive-combined-full-2025-final-t
exmfdist/tex/latex/kvoptions/kvoptions.sty
Package: kvoptions 2022-06-15 v3.15 Key value format for package options (HO)
))
\c@section@level=\count291
)
(/nix/store/krn4g4w0jp8mipj8rvw07cs2gnjn96ng-texlive-combined-full-2025-final-t
exmfdist/tex/latex/etoolbox/etoolbox.sty
Package: etoolbox 2025/10/02 v2.5m e-TeX tools for LaTeX (JAW)
\etb@tempcnta=\count292
)
(/nix/store/krn4g4w0jp8mipj8rvw07cs2gnjn96ng-texlive-combined-full-2025-final-t
exmfdist/tex/generic/stringenc/stringenc.sty
Package: stringenc 2019/11/29 v1.12 Convert strings between diff. encodings (HO
)
)
\@linkdim=\dimen161
\Hy@linkcounter=\count293
\Hy@pagecounter=\count294

(/nix/store/krn4g4w0jp8mipj8rvw07cs2gnjn96ng-texlive-combined-full-2025-final-t
exmfdist/tex/latex/hyperref/pd1enc.def
File: pd1enc.def 2026-01-29 v7.01p Hyperref: PDFDocEncoding definition (HO)
Now handling font encoding PD1 ...
... no UTF-8 mapping file for font encoding PD1
)
(/nix/store/krn4g4w0jp8mipj8rvw07cs2gnjn96ng-texlive-combined-full-2025-final-t
exmfdist/tex/generic/intcalc/intcalc.sty
Package: intcalc 2019/12/15 v1.3 Expandable calculations with integers (HO)
)
\Hy@SavedSpaceFactor=\count295

(/nix/store/krn4g4w0jp8mipj8rvw07cs2gnjn96ng-texlive-combined-full-2025-final-t
exmfdist/tex/latex/hyperref/puenc.def
File: puenc.def 2026-01-29 v7.01p Hyperref: PDF Unicode definition (HO)
Now handling font encoding PU ...
... no UTF-8 mapping file for font encoding PU
)
Package hyperref Info: Hyper figures OFF on input line 4201.
Package hyperref Info: Link nesting OFF on input line 4206.
Package hyperref Info: Hyper index ON on input line 4209.
Package hyperref Info: Plain pages OFF on input line 4216.
Package hyperref Info: Backreferencing OFF on input line 4221.
Package hyperref Info: Implicit mode ON; LaTeX internals redefined.
Package hyperref Info: Bookmarks ON on input line 4468.
\c@Hy@tempcnt=\count296
LaTeX Info: Redefining \url on input line 4807.
\XeTeXLinkMargin=\dimen162

(/nix/store/krn4g4w0jp8mipj8rvw07cs2gnjn96ng-texlive-combined-full-2025-final-t
exmfdist/tex/generic/bitset/bitset.sty
Package: bitset 2019/12/09 v1.3 Handle bit-vector datatype (HO)

(/nix/store/krn4g4w0jp8mipj8rvw07cs2gnjn96ng-texlive-combined-full-2025-final-t
exmfdist/tex/generic/bigintcalc/bigintcalc.sty
Package: bigintcalc 2019/12/15 v1.5 Expandable calculations on big integers (HO
)
))
\Fld@menulength=\count297
\Field@Width=\dimen163
\Fld@charsize=\dimen164
Package hyperref Info: Hyper figures OFF on input line 6084.
Package hyperref Info: Link nesting OFF on input line 6089.
Package hyperref Info: Hyper index ON on input line 6092.
Package hyperref Info: backreferencing OFF on input line 6099.
Package hyperref Info: Link coloring OFF on input line 6104.
Package hyperref Info: Link coloring with OCG OFF on input line 6109.
Package hyperref Info: PDF/A mode OFF on input line 6114.
\Hy@abspage=\count298
\c@Item=\count299
\c@Hfootnote=\count300
)
Package hyperref Info: Driver (autodetected): hpdftex.

(/nix/store/krn4g4w0jp8mipj8rvw07cs2gnjn96ng-texlive-combined-full-2025-final-t
exmfdist/tex/latex/hyperref/hpdftex.def
File: hpdftex.def 2026-01-29 v7.01p Hyperref driver for pdfTeX
\Fld@listcount=\count301
\c@bookmark@seq@number=\count302

(/nix/store/krn4g4w0jp8mipj8rvw07cs2gnjn96ng-texlive-combined-full-2025-final-t
exmfdist/tex/latex/rerunfilecheck/rerunfilecheck.sty
Package: rerunfilecheck 2025-06-21 v1.11 Rerun checks for auxiliary files (HO)

(/nix/store/krn4g4w0jp8mipj8rvw07cs2gnjn96ng-texlive-combined-full-2025-final-t
exmfdist/tex/generic/uniquecounter/uniquecounter.sty
Package: uniquecounter 2019/12/15 v1.4 Provide unlimited unique counter (HO)
)
Package uniquecounter Info: New unique counter `rerunfilecheck' on input line 2
84.
)
\Hy@SectionHShift=\skip66
)
Package hyperref Info: Option `colorlinks' set `true' on input line 34.

(/nix/store/krn4g4w0jp8mipj8rvw07cs2gnjn96ng-texlive-combined-full-2025-final-t
exmfdist/tex/latex/datetime/datetime.sty
Package: datetime 2015/03/20 v2.60 Date Time Package

(/nix/store/krn4g4w0jp8mipj8rvw07cs2gnjn96ng-texlive-combined-full-2025-final-t
exmfdist/tex/latex/fmtcount/fmtcount.sty
Package: fmtcount 2025/12/02 v3.12 Displaying the values of LaTeX counters (NT,
VB,NE)

(/nix/store/krn4g4w0jp8mipj8rvw07cs2gnjn96ng-texlive-combined-full-2025-final-t
exmfdist/tex/latex/base/ifthen.sty
Package: ifthen 2024/03/16 v1.1e Standard LaTeX ifthen package (DPC)
)
(/nix/store/krn4g4w0jp8mipj8rvw07cs2gnjn96ng-texlive-combined-full-2025-final-t
exmfdist/tex/latex/xkeyval/xkeyval.sty
Package: xkeyval 2025/11/04 v2.10 package option processing (HA)

(/nix/store/krn4g4w0jp8mipj8rvw07cs2gnjn96ng-texlive-combined-full-2025-final-t
exmfdist/tex/generic/xkeyval/xkeyval.tex
(/nix/store/krn4g4w0jp8mipj8rvw07cs2gnjn96ng-texlive-combined-full-2025-final-t
exmfdist/tex/generic/xkeyval/xkvutils.tex
\XKV@toks=\toks22
\XKV@tempa@toks=\toks23
\XKV@tempb@toks=\toks24
)
\XKV@depth=\count303
File: xkeyval.tex 2014/12/03 v2.7a key=value parser (HA)
))
(/nix/store/krn4g4w0jp8mipj8rvw07cs2gnjn96ng-texlive-combined-full-2025-final-t
exmfdist/tex/latex/fmtcount/fcprefix.sty
Package: fcprefix 2012/09/28

(/nix/store/krn4g4w0jp8mipj8rvw07cs2gnjn96ng-texlive-combined-full-2025-final-t
exmfdist/tex/latex/fmtcount/fcnumparser.sty
Package: fcnumparser 2017/06/15
\fc@digit@counter=\count304
))
(/nix/store/krn4g4w0jp8mipj8rvw07cs2gnjn96ng-texlive-combined-full-2025-final-t
exmfdist/tex/latex/amsmath/amsgen.sty
File: amsgen.sty 1999/11/30 v2.0 generic functions
\@emptytoks=\toks25
\ex@=\dimen165
)
\c@padzeroesN=\count305
\fc@tmpcatcode=\count306

(/nix/store/krn4g4w0jp8mipj8rvw07cs2gnjn96ng-texlive-combined-full-2025-final-t
exmfdist/tex/latex/fmtcount/fc-ngerman.def
File: fc-ngerman.def 2012/06/18

(/nix/store/krn4g4w0jp8mipj8rvw07cs2gnjn96ng-texlive-combined-full-2025-final-t
exmfdist/tex/latex/fmtcount/fc-german.def
File: fc-german.def 2018/06/17

(/nix/store/krn4g4w0jp8mipj8rvw07cs2gnjn96ng-texlive-combined-full-2025-final-t
exmfdist/tex/latex/fmtcount/fc-germanb.def
File: fc-germanb.def 2013/08/17
))
(/nix/store/krn4g4w0jp8mipj8rvw07cs2gnjn96ng-texlive-combined-full-2025-final-t
exmfdist/tex/latex/fmtcount/fc-ngermanb.def
File: fc-ngermanb.def 2013/08/17
))
\@DT@modctr=\count307
\@ordinalctr=\count308
\@orgargctr=\count309
\@strctr=\count310
\@tmpstrctr=\count311
\@DT@loopN=\count312
\@DT@X=\count313
)
(/nix/store/krn4g4w0jp8mipj8rvw07cs2gnjn96ng-texlive-combined-full-2025-final-t
exmfdist/tex/latex/datetime/datetime-defaults.sty
Package: datetime-defaults 2013/09/10
)
\@day=\count314
\@month=\count315
\@year=\count316
\c@HOUR=\count317
\c@HOURXII=\count318
\c@MINUTE=\count319
\c@TOHOUR=\count320
\c@TOMINUTE=\count321
\c@SECOND=\count322
\currenthour=\count323
\currentminute=\count324
\currentsecond=\count325
Package datetime Info: No datetime.cfg file found, using default settings on in
put line 308.
\@dtctr=\count326
\dayofyear=\count327
\dayofweek=\count328
LaTeX Info: Redefining \today on input line 736.

(/nix/store/krn4g4w0jp8mipj8rvw07cs2gnjn96ng-texlive-combined-full-2025-final-t
exmfdist/tex/latex/datetime/dt-ngerman.def
File: dt-ngerman.def 2013/09/10
LaTeX Info: Redefining \datengerman on input line 86.
)
\dt@a=\toks26
\dt@b=\toks27
)
(/nix/store/krn4g4w0jp8mipj8rvw07cs2gnjn96ng-texlive-combined-full-2025-final-t
exmfdist/tex/latex/koma-script/scrlayer-scrpage.sty
Package: scrlayer-scrpage 2026/02/02 v3.49.2 KOMA-Script package (end user inte
rface for scrlayer)

(/nix/store/krn4g4w0jp8mipj8rvw07cs2gnjn96ng-texlive-combined-full-2025-final-t
exmfdist/tex/latex/koma-script/scrlayer.sty
Package: scrlayer 2026/02/02 v3.49.2 KOMA-Script package (defining layers and p
age styles)
Package scrlayer Info: patching LaTeX kernel macro \pagestyle on input line 217
9.
)
Package scrlayer-scrpage Info: Makeing stand-alone element `pagehead' from
(scrlayer-scrpage)             alias to `pageheadfoot' on input line 1106.
)
Class scrartcl Info: loading recommended package `bookmark'.
(scrartcl)           Using `bookmark' together with `hyperref' is recommended,
(scrartcl)           because of handling of possible bookmark level gaps.
(scrartcl)           You can avoid loading `bookmark' with KOMA-Script option
(scrartcl)           `bookmarkpackage=false' before \begin{document} and
(scrartcl)           you can avoid this message adding:
(scrartcl)             \usepackage{bookmark}
(scrartcl)           before \begin{document} on input line 67.

(/nix/store/krn4g4w0jp8mipj8rvw07cs2gnjn96ng-texlive-combined-full-2025-final-t
exmfdist/tex/latex/bookmark/bookmark.sty
Package: bookmark 2023-12-10 v1.31 PDF bookmarks (HO)

(/nix/store/krn4g4w0jp8mipj8rvw07cs2gnjn96ng-texlive-combined-full-2025-final-t
exmfdist/tex/latex/bookmark/bkm-pdftex.def
File: bkm-pdftex.def 2023-12-10 v1.31 bookmark driver for pdfTeX and luaTeX (HO
)
\BKM@id=\count329
))
LaTeX Font Info:    Trying to load font information for T1+phv on input line 67
.

(/nix/store/krn4g4w0jp8mipj8rvw07cs2gnjn96ng-texlive-combined-full-2025-final-t
exmfdist/tex/latex/psnfss/t1phv.fd
File: t1phv.fd 2020/03/25 scalable font definitions for T1/phv.
)
(/nix/store/krn4g4w0jp8mipj8rvw07cs2gnjn96ng-texlive-combined-full-2025-final-t
exmfdist/tex/latex/l3backend/l3backend-pdftex.def
File: l3backend-pdftex.def 2025-10-09 L3 backend support: PDF output (pdfTeX)
\l__color_backend_stack_int=\count330
) (./bericht.aux
Package babel Info: 'ngerman' activates 'german' shorthands.
(babel)             Reported on input line 10.
)
\openout1 = `bericht.aux'.

LaTeX Font Info:    Checking defaults for OML/cmm/m/it on input line 67.
LaTeX Font Info:    ... okay on input line 67.
LaTeX Font Info:    Checking defaults for OMS/cmsy/m/n on input line 67.
LaTeX Font Info:    ... okay on input line 67.
LaTeX Font Info:    Checking defaults for OT1/cmr/m/n on input line 67.
LaTeX Font Info:    ... okay on input line 67.
LaTeX Font Info:    Checking defaults for T1/cmr/m/n on input line 67.
LaTeX Font Info:    ... okay on input line 67.
LaTeX Font Info:    Checking defaults for TS1/cmr/m/n on input line 67.
LaTeX Font Info:    ... okay on input line 67.
LaTeX Font Info:    Checking defaults for OMX/cmex/m/n on input line 67.
LaTeX Font Info:    ... okay on input line 67.
LaTeX Font Info:    Checking defaults for U/cmr/m/n on input line 67.
LaTeX Font Info:    ... okay on input line 67.
LaTeX Font Info:    Checking defaults for PD1/pdf/m/n on input line 67.
LaTeX Font Info:    ... okay on input line 67.
LaTeX Font Info:    Checking defaults for PU/pdf/m/n on input line 67.
LaTeX Font Info:    ... okay on input line 67.

(/nix/store/krn4g4w0jp8mipj8rvw07cs2gnjn96ng-texlive-combined-full-2025-final-t
exmfdist/tex/context/base/mkii/supp-pdf.mkii
[Loading MPS to PDF converter (version 2006.09.02).]
\scratchcounter=\count331
\scratchdimen=\dimen166
\scratchbox=\box56
\nofMPsegments=\count332
\nofMParguments=\count333
\everyMPshowfont=\toks28
\MPscratchCnt=\count334
\MPscratchDim=\dimen167
\MPnumerator=\count335
\makeMPintoPDFobject=\count336
\everyMPtoPDFconversion=\toks29
)
(/nix/store/krn4g4w0jp8mipj8rvw07cs2gnjn96ng-texlive-combined-full-2025-final-t
exmfdist/tex/latex/epstopdf-pkg/epstopdf-base.sty
Package: epstopdf-base 2020-01-24 v2.11 Base part for package epstopdf
Package epstopdf-base Info: Redefining graphics rule for `.eps' on input line 4
85.

(/nix/store/krn4g4w0jp8mipj8rvw07cs2gnjn96ng-texlive-combined-full-2025-final-t
exmfdist/tex/latex/latexconfig/epstopdf-sys.cfg
File: epstopdf-sys.cfg 2010/07/13 v1.3 Configuration of (r)epstopdf for TeX Liv
e
))
*geometry* driver: auto-detecting
*geometry* detected driver: pdftex
*geometry* verbose mode - [ preamble ] result:
* driver: pdftex
* paper: a4paper
* layout: <same size as paper>
* layoutoffset:(h,v)=(0.0pt,0.0pt)
* modes: includefoot 
* h-part:(L,W,R)=(71.13188pt, 441.01773pt, 85.35826pt)
* v-part:(T,H,B)=(85.35826pt, 702.78308pt, 56.9055pt)
* \paperwidth=597.50787pt
* \paperheight=845.04684pt
* \textwidth=441.01773pt
* \textheight=688.55672pt
* \oddsidemargin=-1.1381pt
* \evensidemargin=-1.1381pt
* \topmargin=-20.36447pt
* \headheight=5.0pt
* \headsep=28.45274pt
* \topskip=12.0pt
* \footskip=14.22636pt
* \marginparwidth=49.79233pt
* \marginparsep=12.8401pt
* \columnsep=10.0pt
* \skip\footins=10.8pt plus 4.0pt minus 2.0pt
* \hoffset=0.0pt
* \voffset=0.0pt
* \mag=1000
* \@twocolumnfalse
* \@twosidefalse
* \@mparswitchfalse
* \@reversemarginfalse
* (1in=72.27pt=25.4mm, 1cm=28.453pt)

Package hyperref Info: Link coloring ON on input line 67.

Package scrlayer-scrpage Warning: Very small head height detected!
(scrlayer-scrpage)                Using scrlayer-scrpage the head height
(scrlayer-scrpage)                should be at least \baselineskip, which is
(scrlayer-scrpage)                21.75pt currently.
(scrlayer-scrpage)                But head height is currently 5.0pt only.
(scrlayer-scrpage)                You may use
(scrlayer-scrpage)                geometry option `head=21.75pt'
(scrlayer-scrpage)                \relax to avoid this warning.

*geometry* verbose mode - [ newgeometry ] result:
* driver: pdftex
* paper: a4paper
* layout: <same size as paper>
* layoutoffset:(h,v)=(0.0pt,0.0pt)
* modes: 
* h-part:(L,W,R)=(69.70915pt, 458.08957pt, 69.70915pt)
* v-part:(T,H,B)=(41.25641pt, 746.88493pt, 56.9055pt)
* \paperwidth=597.50787pt
* \paperheight=845.04684pt
* \textwidth=458.08957pt
* \textheight=746.88493pt
* \oddsidemargin=-2.56084pt
* \evensidemargin=-2.56084pt
* \topmargin=-64.46632pt
* \headheight=5.0pt
* \headsep=28.45274pt
* \topskip=12.0pt
* \footskip=14.22636pt
* \marginparwidth=49.79233pt
* \marginparsep=12.8401pt
* \columnsep=10.0pt
* \skip\footins=10.8pt plus 4.0pt minus 2.0pt
* \hoffset=0.0pt
* \voffset=0.0pt
* \mag=1000
* \@twocolumnfalse
* \@twosidefalse
* \@mparswitchfalse
* \@reversemarginfalse
* (1in=72.27pt=25.4mm, 1cm=28.453pt)

<thm.png, id=4, 963.6pt x 321.2pt>
File: thm.png Graphic file (type png)
<use thm.png>
Package pdftex.def Info: thm.png  used on input line 82.
(pdftex.def)             Requested size: 176.407pt x 58.79863pt.
<studiumplus.png, id=6, 330.23375pt x 153.57375pt>
File: studiumplus.png Graphic file (type png)
<use studiumplus.png>
Package pdftex.def Info: studiumplus.png  used on input line 86.
(pdftex.def)             Requested size: 129.46011pt x 60.20517pt.
LaTeX Font Info:    External font `cmex10' loaded for size
(Font)              <17.28> on input line 99.
LaTeX Font Info:    External font `cmex10' loaded for size
(Font)              <12> on input line 99.
LaTeX Font Info:    External font `cmex10' loaded for size
(Font)              <8> on input line 104.
LaTeX Font Info:    External font `cmex10' loaded for size
(Font)              <6> on input line 104.
<kfw.png, id=7, 1284.8pt x 456.70625pt>
File: kfw.png Graphic file (type png)
<use kfw.png>
Package pdftex.def Info: kfw.png  used on input line 117.
(pdftex.def)             Requested size: 105.06021pt x 37.34651pt.
[1


{/nix/store/vfgsbnvk2r6jgyssj40bbflzvmz0548a-texlive-combined-full-2025-final/s
hare/texmf-var/fonts/map/pdftex/updmap/pdftex.map}{/nix/store/krn4g4w0jp8mipj8r
vw07cs2gnjn96ng-texlive-combined-full-2025-final-texmfdist/fonts/enc/dvips/base
/8r.enc} <./thm.png> <./studiumplus.png> <./kfw.png>]
*geometry* verbose mode - [ newgeometry ] result:
* driver: pdftex
* paper: a4paper
* layout: <same size as paper>
* layoutoffset:(h,v)=(0.0pt,0.0pt)
* modes: 
* h-part:(L,W,R)=(113.81102pt, 441.01773pt, 42.67912pt)
* v-part:(T,H,B)=(85.35826pt, 702.78308pt, 56.9055pt)
* \paperwidth=597.50787pt
* \paperheight=845.04684pt
* \textwidth=441.01773pt
* \textheight=702.78308pt
* \oddsidemargin=41.54103pt
* \evensidemargin=41.54103pt
* \topmargin=-20.36447pt
* \headheight=5.0pt
* \headsep=28.45274pt
* \topskip=12.0pt
* \footskip=14.22636pt
* \marginparwidth=49.79233pt
* \marginparsep=12.8401pt
* \columnsep=10.0pt
* \skip\footins=10.8pt plus 4.0pt minus 2.0pt
* \hoffset=0.0pt
* \voffset=0.0pt
* \mag=1000
* \@twocolumnfalse
* \@twosidefalse
* \@mparswitchfalse
* \@reversemarginfalse
* (1in=72.27pt=25.4mm, 1cm=28.453pt)

 (./bericht.toc)
\tf@toc=\write3
\openout3 = `bericht.toc'.



Package scrlayer-scrpage Warning: \headheight to low.
(scrlayer-scrpage)                At least 21.74998pt needed,
(scrlayer-scrpage)                but only 5.0pt found.
(scrlayer-scrpage)                I'll enlarge \headheight, for further
(scrlayer-scrpage)                processing, but you should do this yourself,
(scrlayer-scrpage)                e.g., setting geometry's option
(scrlayer-scrpage)                `head=21.74998pt'.
(scrlayer-scrpage)                I'll also decrease \topmargin on input line 1
28.


Overfull \vbox (16.74998pt too high) has occurred while \output is active []



Package scrlayer-scrpage Warning: \footheight to low.
(scrlayer-scrpage)                At least 21.74998pt needed,
(scrlayer-scrpage)                but only 18.125pt found.
(scrlayer-scrpage)                I'll enlarge \footheight, for further
(scrlayer-scrpage)                processing, but you should do this yourself,
(scrlayer-scrpage)                e.g., using
(scrlayer-scrpage)                  \setlength{\footheight}{21.74998pt}
(scrlayer-scrpage)                in your preamble.
(scrlayer-scrpage)                I'll also increase \footskip on input line 12
8.

[2


] [3] [4] [5]

LaTeX Font Warning: Font shape `T1/phv/sb/n' undefined
(Font)              using `T1/phv/b/n' instead on input line 148.

[1]

LaTeX Font Warning: Font shape `T1/phv/sb/n' undefined
(Font)              using `T1/phv/b/n' instead on input line 156.

[2] (./bericht.bbl
LaTeX Font Info:    Font shape `T1/phv/m/it' in size <12> not available
(Font)              Font shape `T1/phv/m/sl' tried instead on input line 5.
) [3] (./bericht.aux)
 ***********
LaTeX2e <2025-11-01>
L3 programming layer <2026-01-19>
 ***********
 ) 
Here is how much of TeX's memory you used:
 17353 strings out of 467533
 343179 string characters out of 5392394
 928344 words of memory out of 5000000
 46034 multiletter control sequences out of 15000+600000
 646337 words of font info for 64 fonts, out of 8000000 for 9000
 1141 hyphenation exceptions out of 8191
 108i,19n,107p,11237b,628s stack positions out of 10000i,1000n,20000p,200000b,200000s
</nix/store/krn4g4w0jp8mipj8rvw07cs2gnjn96ng-texlive-combined-full-2025-final
-texmfdist/fonts/type1/urw/helvetic/uhvb8a.pfb></nix/store/krn4g4w0jp8mipj8rvw0
7cs2gnjn96ng-texlive-combined-full-2025-final-texmfdist/fonts/type1/urw/helveti
c/uhvr8a.pfb></nix/store/krn4g4w0jp8mipj8rvw07cs2gnjn96ng-texlive-combined-full
-2025-final-texmfdist/fonts/type1/urw/helvetic/uhvro8a.pfb>
Output written on bericht.pdf (8 pages, 109266 bytes).
PDF statistics:
 105 PDF objects out of 1000 (max. 8388607)
 82 compressed objects within 1 object stream
 17 named destinations out of 1000 (max. 500000)
 64 words of extra memory for PDF output out of 10000 (max. 10000000)

